
[0;36m================================================[0m
[0;36m    Operit AI Agent 完整集成部署[0m
[0;36m    版本: 2.0.0[0m
[0;36m    构建时间: 2025-07-05 17:35:56[0m
[0;36m================================================[0m

[0;35m[STEP][0m 生成集成报告...
[0;32m[SUCCESS][0m 集成报告已生成: docs/AI_AGENT_INTEGRATION_REPORT.md
[0;35m[STEP][0m 生成开发者文档...
[0;32m[SUCCESS][0m 开发者指南已生成: docs/DEVELOPER_GUIDE.md
[0;35m[STEP][0m 清理临时文件...
[0;32m[SUCCESS][0m 清理完成

[0;32m[SUCCESS][0m 🎉 Operit AI Agent 集成部署完成！

[0;34m[INFO][0m 📋 生成的文件:
[0;34m[INFO][0m   • 集成日志: logs/integration_20250705_173556.log
[0;34m[INFO][0m   • 集成报告: docs/AI_AGENT_INTEGRATION_REPORT.md
[0;34m[INFO][0m   • 开发者指南: docs/DEVELOPER_GUIDE.md

[0;34m[INFO][0m 🚀 下一步:
[0;34m[INFO][0m   1. 查看集成报告了解详细信息
[0;34m[INFO][0m   2. 根据开发者指南开始开发
[0;34m[INFO][0m   3. 配置AI服务和权限
[0;34m[INFO][0m   4. 开始测试AI Agent功能

[0;36m感谢使用 Operit AI Agent！[0m
